// Jest Snapshot v1, https://goo.gl/fbAQLP

exports[`Modal renders 1`] = `
<Connect(ModalComponent)
  date="somedate"
  files={Array []}
  isModalOpen={true}
/>
`;

exports[`ModalComponent renders 1`] = `
<Modal
  ariaHideApp={true}
  bodyOpenClassName="ReactModal__Body--open"
  closeTimeoutMS={0}
  contentLabel="Example Modal"
  isOpen={true}
  onRequestClose={[Function]}
  parentSelector={[Function]}
  portalClassName="ReactModalPortal"
  shouldCloseOnEsc={true}
  shouldCloseOnOverlayClick={true}
  shouldFocusAfterRender={true}
  shouldReturnFocusAfterClose={true}
>
  <button
    onClick={[Function]}
  >
    close
  </button>
  <Carrousel
    date="somedate"
    files={Array []}
  />
</Modal>
`;
