// Jest Snapshot v1, https://goo.gl/fbAQLP

exports[`Connected header renders 1`] = `<Connect(HeaderComponent) />`;

exports[`HeaderComponent renders 1`] = `
<header
  className="header"
>
  <h1
    className="title"
  >
    Peter of the day
  </h1>
</header>
`;
