// Jest Snapshot v1, https://goo.gl/fbAQLP

exports[`Arrow renders 1`] = `
<svg
  className="svg"
  viewBox="0 0 100 100"
>
  <polygon
    points="50,16 85,85 15,85 50,16"
  />
</svg>
`;
